// Jest Snapshot v1, https://goo.gl/fbAQLP

exports[`Common button should render initial layout 1`] = `
Array [
  <button
    onClick={[Function]}
  >
    =
  </button>,
]
`;
